
> pdf-tools-frontend@0.1.0 build
> next build --webpack

node.exe : ΓÜá `eslint` 
configuration in next.config.ts is 
no longer supported. See more info 
here: https://nextjs.org/docs/app/ap
i-reference/cli/next#next-lint-optio
ns
At line:1 char:1
+ & "C:\Program 
Files\nodejs/node.exe" "C:\Program 
Files\nodejs/node_mo ...
+ ~~~~~~~~~~~~~~~~~~~~~~~~~~~~~~~~~~
~~~~~~~~~~~~~~~~~~~~~~~~~~~~~~~~~~~
    + CategoryInfo          :     
NotSpecified: (ΓÜá `esli    nt` 
co...xt-lint-options:    String) 
[], RemoteExcepti    on
    + FullyQualifiedErrorId :     
NativeCommandError
 
ΓÜá Invalid next.config.ts options 
detected: 
ΓÜá     Unrecognized key(s) in 
object: 'eslint'
ΓÜá See more info here: https://next
js.org/docs/messages/invalid-next-co
nfig
Γû▓ Next.js 16.1.6 (webpack)
- Environments: .env.local
- Experiments (use with caution):
  ┬╖ optimizePackageImports

  Creating an optimized production build ...
 Γ£ô (pwa) Compiling for server...
 Γ£ô (pwa) Compiling for server...
 Γ£ô (pwa) Compiling for client (static)...
 Γùï (pwa) Service worker: E:\backup\pdf_pdf8\public\sw.js
 Γùï (pwa)   URL: /sw.js
 Γùï (pwa)   Scope: /
Failed to compile.

./src/app/(tools)/(analyze)/pdf-meta
data/page.tsx
Module not found: Can't resolve '@/c
omponents/tools/PdfMetadataClient'

https://nextjs.org/docs/messages/mod
ule-not-found

./src/app/(tools)/(convert)/pdf-to-p
ng/page.tsx
Module not found: Can't resolve 
'@/components/tools/PdfToPngClient'

https://nextjs.org/docs/messages/mod
ule-not-found

./src/app/(tools)/(convert)/pdf-to-w
ebp/page.tsx
Module not found: Can't resolve 
'@/components/tools/PdfToWebpClient'

https://nextjs.org/docs/messages/mod
ule-not-found

./src/app/(tools)/(convert)/png-to-p
df/page.tsx
Module not found: Can't resolve 
'@/components/tools/PngToPdfClient'

https://nextjs.org/docs/messages/mod
ule-not-found

./src/app/(tools)/(convert)/webp-to-
pdf/page.tsx
Module not found: Can't resolve 
'@/components/tools/WebpToPdfClient'

https://nextjs.org/docs/messages/mod
ule-not-found


> Build failed because of webpack 
errors
