
> pdf-tools-frontend@0.1.0 build
> next build

   Γû▓ Next.js 15.1.6
   - Environments: .env.local

   Creating an optimized production build ...
> [PWA] Compile server
> [PWA] Compile server
> [PWA] Compile client (static)
> [PWA] Auto register service worker with: E:\backup\pdf_pdf8\node_modules\next-pwa\register.js
> [PWA] Service worker: E:\backup\pdf_pdf8\public\sw.js
> [PWA]   url: /sw.js
> [PWA]   scope: /
node.exe : Failed to compile.
At line:1 char:1
+ & "C:\Program 
Files\nodejs/node.exe" 
"C:\Program 
Files\nodejs/node_mo ...
+ ~~~~~~~~~~~~~~~~~~~~~~~~~~~~~~
~~~~~~~~~~~~~~~~~~~~~~~~~~~~~~~~
~~~~~~~
    + CategoryInfo          : N 
   otSpecified: (Failed to com  
  pile.:String) [], RemoteExc   
 eption
    + FullyQualifiedErrorId : N 
   ativeCommandError
 

./src/app/(tools)/(analyze)/bank
-statement-analyzer/page.tsx
Error:   [31mx[0m `ssr: 
false` is not allowed with 
`next/dynamic` in Server 
Components. Please move it into 
a client component.
    ,-[[36;1;4mE:\backup\pdf_pd
f8\src\app\(tools)\(analyze)\ban
k-statement-analyzer\page.tsx[0
m:10:1]
 [2m 7[0m | 
 [2m 8[0m | import dynamic 
from 'next/dynamic';
 [2m 9[0m | import React from 
'react';
 [2m10[0m | const 
BankStatementAnalyzerClient = 
dynamic(() => import('@/componen
ts/tools/BankStatementAnalyzerCl
ient'), { ssr: false });
    : [35;1m                   
                 ^^^^^^^^^^^^^^^
^^^^^^^^^^^^^^^^^^^^^^^^^^^^^^^^
^^^^^^^^^^^^^^^^^^^^^^^^^^^^^^^^
^^^^^^^^[0m
 [2m11[0m | 
 [2m12[0m | 
    `----

Import trace for requested 
module:
./src/app/(tools)/(analyze)/bank
-statement-analyzer/page.tsx

./src/app/(tools)/(analyze)/comp
are-pdf/page.tsx
Error:   [31mx[0m `ssr: 
false` is not allowed with 
`next/dynamic` in Server 
Components. Please move it into 
a client component.
    ,-[[36;1;4mE:\backup\pdf_pd
f8\src\app\(tools)\(analyze)\com
pare-pdf\page.tsx[0m:10:1]
 [2m 7[0m | 
 [2m 8[0m | import dynamic 
from 'next/dynamic';
 [2m 9[0m | import React from 
'react';
 [2m10[0m | const 
ComparePdfClient = dynamic(() 
=> import('@/components/tools/Co
mparePdfClient'), { ssr: false 
});
    : [35;1m                   
      ^^^^^^^^^^^^^^^^^^^^^^^^^^
^^^^^^^^^^^^^^^^^^^^^^^^^^^^^^^^
^^^^^^^^^^^^^^^^^^[0m
 [2m11[0m | 
 [2m12[0m | 
    `----

Import trace for requested 
module:
./src/app/(tools)/(analyze)/comp
are-pdf/page.tsx

./src/app/(tools)/(analyze)/invo
ice-extractor/page.tsx
Error:   [31mx[0m `ssr: 
false` is not allowed with 
`next/dynamic` in Server 
Components. Please move it into 
a client component.
    ,-[[36;1;4mE:\backup\pdf_pd
f8\src\app\(tools)\(analyze)\inv
oice-extractor\page.tsx[0m:10:1
]
 [2m 7[0m | 
 [2m 8[0m | import dynamic 
from 'next/dynamic';
 [2m 9[0m | 
 [2m10[0m | const 
InvoiceExtractorClient = 
dynamic(() => import('@/componen
ts/tools/InvoiceExtractorClient'
), { ssr: false });
    : [35;1m                   
            ^^^^^^^^^^^^^^^^^^^^
^^^^^^^^^^^^^^^^^^^^^^^^^^^^^^^^
^^^^^^^^^^^^^^^^^^^^^^^^^^^^^^[
0m
 [2m11[0m | 
 [2m12[0m | 
    `----

Import trace for requested 
module:
./src/app/(tools)/(analyze)/invo
ice-extractor/page.tsx

./src/app/(tools)/(analyze)/lega
l-comparison/page.tsx
Error:   [31mx[0m `ssr: 
false` is not allowed with 
`next/dynamic` in Server 
Components. Please move it into 
a client component.
    ,-[[36;1;4mE:\backup\pdf_pd
f8\src\app\(tools)\(analyze)\leg
al-comparison\page.tsx[0m:10:1]
 [2m 7[0m | 
 [2m 8[0m | import dynamic 
from 'next/dynamic';
 [2m 9[0m | import React from 
'react';
 [2m10[0m | const 
LegalComparisonClient = 
dynamic(() => import('@/componen
ts/tools/LegalComparisonClient')
, { ssr: false });
    : [35;1m                   
           ^^^^^^^^^^^^^^^^^^^^^
^^^^^^^^^^^^^^^^^^^^^^^^^^^^^^^^
^^^^^^^^^^^^^^^^^^^^^^^^^^^^[0m
 [2m11[0m | 
 [2m12[0m | 
    `----

Import trace for requested 
module:
./src/app/(tools)/(analyze)/lega
l-comparison/page.tsx

./src/app/(tools)/(analyze)/ocr-
pdf/page.tsx
Error:   [31mx[0m `ssr: 
false` is not allowed with 
`next/dynamic` in Server 
Components. Please move it into 
a client component.
    ,-[[36;1;4mE:\backup\pdf_pd
f8\src\app\(tools)\(analyze)\ocr
-pdf\page.tsx[0m:12:1]
 [2m 9[0m | import React from 
'react';
 [2m10[0m | 
 [2m11[0m | 
 [2m12[0m | const 
OcrPdfClient = dynamic(() => imp
ort('@/components/tools/OcrPdfCl
ient'), { ssr: false });
    : [35;1m                   
  ^^^^^^^^^^^^^^^^^^^^^^^^^^^^^^
^^^^^^^^^^^^^^^^^^^^^^^^^^^^^^^^
^^^^^^^^^^[0m
 [2m13[0m | 
 [2m14[0m | export default 
function OcrPdfPage() {
 [2m14[0m |   return 
<OcrPdfClient />;
    `----

Import trace for requested 
module:
./src/app/(tools)/(analyze)/ocr-
pdf/page.tsx


> Build failed because of 
webpack errors
