
> pdf-tools-frontend@0.1.0 build
> next build --webpack

Γû▓ Next.js 16.1.6 (webpack)
- Environments: .env.local

  Creating an optimized production build ...
 Γ£ô (pwa) Compiling for server...
 Γ£ô (pwa) Compiling for server...
 Γ£ô (pwa) Compiling for client (static)...
 Γùï (pwa) Service worker: E:\backup\pdf_pdf8\public\sw.js
 Γùï (pwa)   URL: /sw.js
 Γùï (pwa)   Scope: /
node.exe : ΓÜá Compiled with 
warnings in 10.9s
At line:1 char:1
+ & "C:\Program 
Files\nodejs/node.exe" 
"C:\Program Files\nodejs/node_mo 
...
+ ~~~~~~~~~~~~~~~~~~~~~~~~~~~~~~~
~~~~~~~~~~~~~~~~~~~~~~~~~~~~~~~~~
~~~~~
    + CategoryInfo          : 
NotSpec    ified: (ΓÜá Compiled 
with warning    s in 
10.9s:String) [], RemoteExce    
ption
    + FullyQualifiedErrorId : 
NativeC    ommandError
 

./src/lib/pdf-to-docx.ts
Critical dependency: Accessing 
import.meta directly is 
unsupported (only property 
access or destructuring is 
supported)

Import trace for requested 
module:
./src/lib/pdf-to-docx.ts
./src/app/api/convert/pdf/route.t
s

  Running TypeScript ...
Failed to compile.

.next/dev/types/app/(tools)/(conv
ert)/odt-to-pdf/page.ts:2:24
Type error: Cannot find module '.
./../../../../../../src/app/(tool
s)/(convert)/odt-to-pdf/page.js' 
or its corresponding type 
declarations.

[0m [90m 1 |[39m [90m// 
File: E:\backup\pdf_pdf8\src\app\
(tools)\(convert)\odt-to-pdf\page
.tsx[39m
[31m[1m>[22m[39m[90m 2 
|[39m [36mimport[39m 
[33m*[39m [36mas[39m entry 
[36mfrom[39m [32m'../../../../
../../../src/app/(tools)/(convert
)/odt-to-pdf/page.js'[39m
 [90m   |[39m                  
      [31m[1m^[22m[39m
 [90m 3 |[39m [36mimport[39m 
type { [33mResolvingMetadata[39
m[33m,[39m 
[33mResolvingViewport[39m } 
[36mfrom[39m [32m'next/dist/li
b/metadata/types/metadata-interfa
ce.js'[39m
 [90m 4 |[39m
 [90m 5 |[39m [36mimport[39m 
type { [33mPrefetchForTypeCheckI
nternal[39m } [36mfrom[39m [3
2m'next/dist/build/segment-config
/app/app-segment-config.js'[39m
[0m
Next.js build worker exited with 
code: 1 and signal: null
